// Jest Snapshot v1, https://goo.gl/fbAQLP

exports[`CardBox component snapshot 1`] = `
<li
  className="sc-bcXHqe kFDUXW"
>
  <div
    className="sc-gswNZR boNMTz"
  >
    <span
      data-testid="card-box-label"
      style={
        Object {
          "color": "#D91828",
        }
      }
    >
      9
    </span>
  </div>
  <div
    className="sc-hLBbgP biwgZj"
  >
    <svg
      fill="#D91828"
      height="1em"
      stroke="currentColor"
      strokeWidth="0"
      style={
        Object {
          "color": undefined,
        }
      }
      viewBox="0 0 16 16"
      width="1em"
      xmlns="http://www.w3.org/2000/svg"
    >
      <path
        d="M4 1c2.21 0 4 1.755 4 3.92C8 2.755 9.79 1 12 1s4 1.755 4 3.92c0 3.263-3.234 4.414-7.608 9.608a.513.513 0 0 1-.784 0C3.234 9.334 0 8.183 0 4.92 0 2.755 1.79 1 4 1z"
      />
    </svg>
  </div>
  <div
    className="sc-gswNZR sc-dkrFOg boNMTz kfyxUn"
  >
    <span
      style={
        Object {
          "color": "#D91828",
        }
      }
    >
      9
    </span>
  </div>
</li>
`;
