// Jest Snapshot v1, https://goo.gl/fbAQLP

exports[`Button component snapshot 1`] = `
<button
  className="sc-bcXHqe etdubz"
  onClick={[MockFunction]}
>
  Button
</button>
`;
