// Jest Snapshot v1, https://goo.gl/fbAQLP

exports[`Text component snapshot 1`] = `
<p>
  Lorem Ipsum
</p>
`;
