// Jest Snapshot v1, https://goo.gl/fbAQLP

exports[`Header component snapshot 1`] = `
<h1
  className="sc-bcXHqe ghEhJc"
>
  Header
</h1>
`;
