// Jest Snapshot v1, https://goo.gl/fbAQLP

exports[`CardList component snapshot 1`] = `
<ul
  className="sc-eDvSVe cbCSYU"
>
  <li
    className="sc-bcXHqe kFDUXW"
  >
    <div
      className="sc-gswNZR boNMTz"
    >
      <span
        data-testid="card-box-label"
        style={
          Object {
            "color": "#2F2F2F",
          }
        }
      >
        9
      </span>
    </div>
    <div
      className="sc-hLBbgP biwgZj"
    >
      <svg
        fill="#2F2F2F"
        height="1em"
        stroke="currentColor"
        strokeWidth="0"
        style={
          Object {
            "color": undefined,
          }
        }
        viewBox="0 0 16 16"
        width="1em"
        xmlns="http://www.w3.org/2000/svg"
      >
        <path
          d="M11.5 12.5a3.493 3.493 0 0 1-2.684-1.254 19.92 19.92 0 0 0 1.582 2.907c.231.35-.02.847-.438.847H6.04c-.419 0-.67-.497-.438-.847a19.919 19.919 0 0 0 1.582-2.907 3.5 3.5 0 1 1-2.538-5.743 3.5 3.5 0 1 1 6.708 0A3.5 3.5 0 1 1 11.5 12.5z"
        />
      </svg>
    </div>
    <div
      className="sc-gswNZR sc-dkrFOg boNMTz kfyxUn"
    >
      <span
        style={
          Object {
            "color": "#2F2F2F",
          }
        }
      >
        9
      </span>
    </div>
  </li>
</ul>
`;
